// Jest Snapshot v1, https://goo.gl/fbAQLP

exports[`Page Component renders correctly 1`] = `
<div>
  <div>
    <h1>
      My Page
    </h1>
    <p>
      Welcome to my page!
    </p>
  </div>
</div>
`;
